// Jest Snapshot v1, https://goo.gl/fbAQLP

exports[`Search Component renders correctly 1`] = `
<DocumentFragment>
  <div
    class="errorMessage"
  >
    API Error: city not found
  </div>
</DocumentFragment>
`;
